
> portfolio@0.1.0 build
> next build

Γû▓ Next.js 16.2.6 (Turbopack)

  Creating an optimized production build ...
node.exe : 
At line:1 char:1
+ & "C:\Program Files\nodejs/node.exe" "C:\Program Files\nodejs/node_mo ...
+ ~~~~~~~~~~~~~~~~~~~~~~~~~~~~~~~~~~~~~~~~~~~~~~~~~~~~~~~~~~~~~~~~~~~~~
    + CategoryInfo          : NotSpecified: (:String) [], RemoteException
    + FullyQualifiedErrorId : NativeCommandError
 
> Build error occurred
Error: Turbopack build failed with 2 errors:
./src/data/index.ts:1:1
Export SiLinkedin doesn't exist in target module
[31m[1m>[0m [90m 1 |[0m [36mimport[0m {
  [90m   |[0m [31m[1m^^^^^^^[0m
[31m[1m>[0m [90m 2 |[0m   [33mSiGoogleanalytics[0m,
  [90m   |[0m [31m[1m^^^^^^^^^^^^^^^^^^^^[0m
[31m[1m>[0m [90m 3 |[0m   [33mSiGoogleads[0m,
  [90m   |[0m [31m[1m^^^^^^^^^^^^^^[0m
[31m[1m>[0m [90m 4 |[0m   [33mSiMeta[0m,
  [90m   |[0m [31m[1m^^^^^^^^^[0m
[31m[1m>[0m [90m 5 |[0m   [33mSiTiktok[0m,
  [90m   |[0m [31m[1m^^^^^^^^^^^[0m
[31m[1m>[0m [90m 6 |[0m   [33mSiFigma[0m,
  [90m   |[0m [31m[1m^^^^^^^^^^[0m
[31m[1m>[0m [90m 7 |[0m   [33mSiWordpress[0m,
  [90m   |[0m [31m[1m^^^^^^^^^^^^^^[0m
[31m[1m>[0m [90m 8 |[0m   [33mSiElementor[0m,
  [90m   |[0m [31m[1m^^^^^^^^^^^^^^[0m
[31m[1m>[0m [90m 9 |[0m   [33mSiHtml5[0m,
  [90m   |[0m [31m[1m^^^^^^^^^^[0m
[31m[1m>[0m [90m10 |[0m   [33mSiCss[0m,
  [90m   |[0m [31m[1m^^^^^^^^[0m
[31m[1m>[0m [90m11 |[0m   [33mSiJavascript[0m,
  [90m   |[0m [31m[1m^^^^^^^^^^^^^^^[0m
[31m[1m>[0m [90m12 |[0m   [33mSiSemrush[0m,
  [90m   |[0m [31m[1m^^^^^^^^^^^^[0m
[31m[1m>[0m [90m13 |[0m   [33mSiMailchimp[0m,
  [90m   |[0m [31m[1m^^^^^^^^^^^^^^[0m
[31m[1m>[0m [90m14 |[0m   [33mSiCanva[0m,
  [90m   |[0m [31m[1m^^^^^^^^^^[0m
[31m[1m>[0m [90m15 |[0m   [33mSiOpenai[0m,
  [90m   |[0m [31m[1m^^^^^^^^^^^[0m
[31m[1m>[0m [90m16 |[0m   [33mSiClaude[0m,
  [90m   |[0m [31m[1m^^^^^^^^^^^[0m
[31m[1m>[0m [90m17 |[0m   [33mSiLinkedin[0m,
  [90m   |[0m [31m[1m^^^^^^^^^^^^^[0m
[31m[1m>[0m [90m18 |[0m } [36mfrom[0m [32m"react-icons/si"[0m;
  [90m   |[0m [31m[1m^^^^^^^^^^^^^^^^^^^^^^^^[0m
  [90m19 |[0m
  [90m20 |[0m [36mimport[0m {
  [90m21 |[0m   [33mCheckCircle[0m,

The export SiLinkedin was not found in module [project]/node_modules/react-icons/si/index.mjs [app-client] 
(ecmascript).
Did you mean to import SiLinkerd?
All exports of the module are statically known (It doesn't have dynamic exports). So it's known statically that the 
requested export doesn't exist.

Import traces:
  Client Component Browser:
    ./src/data/index.ts [Client Component Browser]
    ./src/components/sections/Projects.tsx [Client Component Browser]
    ./src/components/sections/Projects.tsx [Server Component]
    ./src/app/page.tsx [Server Component]

  Client Component SSR:
    ./src/data/index.ts [Client Component SSR]
    ./src/components/sections/Projects.tsx [Client Component SSR]
    ./src/components/sections/Projects.tsx [Server Component]
    ./src/app/page.tsx [Server Component]


./src/data/index.ts:1:1
Export SiLinkedin doesn't exist in target module
[31m[1m>[0m [90m 1 |[0m [36mimport[0m {
  [90m   |[0m [31m[1m^^^^^^^[0m
[31m[1m>[0m [90m 2 |[0m   [33mSiGoogleanalytics[0m,
  [90m   |[0m [31m[1m^^^^^^^^^^^^^^^^^^^^[0m
[31m[1m>[0m [90m 3 |[0m   [33mSiGoogleads[0m,
  [90m   |[0m [31m[1m^^^^^^^^^^^^^^[0m
[31m[1m>[0m [90m 4 |[0m   [33mSiMeta[0m,
  [90m   |[0m [31m[1m^^^^^^^^^[0m
[31m[1m>[0m [90m 5 |[0m   [33mSiTiktok[0m,
  [90m   |[0m [31m[1m^^^^^^^^^^^[0m
[31m[1m>[0m [90m 6 |[0m   [33mSiFigma[0m,
  [90m   |[0m [31m[1m^^^^^^^^^^[0m
[31m[1m>[0m [90m 7 |[0m   [33mSiWordpress[0m,
  [90m   |[0m [31m[1m^^^^^^^^^^^^^^[0m
[31m[1m>[0m [90m 8 |[0m   [33mSiElementor[0m,
  [90m   |[0m [31m[1m^^^^^^^^^^^^^^[0m
[31m[1m>[0m [90m 9 |[0m   [33mSiHtml5[0m,
  [90m   |[0m [31m[1m^^^^^^^^^^[0m
[31m[1m>[0m [90m10 |[0m   [33mSiCss[0m,
  [90m   |[0m [31m[1m^^^^^^^^[0m
[31m[1m>[0m [90m11 |[0m   [33mSiJavascript[0m,
  [90m   |[0m [31m[1m^^^^^^^^^^^^^^^[0m
[31m[1m>[0m [90m12 |[0m   [33mSiSemrush[0m,
  [90m   |[0m [31m[1m^^^^^^^^^^^^[0m
[31m[1m>[0m [90m13 |[0m   [33mSiMailchimp[0m,
  [90m   |[0m [31m[1m^^^^^^^^^^^^^^[0m
[31m[1m>[0m [90m14 |[0m   [33mSiCanva[0m,
  [90m   |[0m [31m[1m^^^^^^^^^^[0m
[31m[1m>[0m [90m15 |[0m   [33mSiOpenai[0m,
  [90m   |[0m [31m[1m^^^^^^^^^^^[0m
[31m[1m>[0m [90m16 |[0m   [33mSiClaude[0m,
  [90m   |[0m [31m[1m^^^^^^^^^^^[0m
[31m[1m>[0m [90m17 |[0m   [33mSiLinkedin[0m,
  [90m   |[0m [31m[1m^^^^^^^^^^^^^[0m
[31m[1m>[0m [90m18 |[0m } [36mfrom[0m [32m"react-icons/si"[0m;
  [90m   |[0m [31m[1m^^^^^^^^^^^^^^^^^^^^^^^^[0m
  [90m19 |[0m
  [90m20 |[0m [36mimport[0m {
  [90m21 |[0m   [33mCheckCircle[0m,

The export SiLinkedin was not found in module [project]/node_modules/react-icons/si/index.mjs [app-ssr] (ecmascript).
Did you mean to import SiLinkerd?
All exports of the module are statically known (It doesn't have dynamic exports). So it's known statically that the 
requested export doesn't exist.

Import traces:
  Client Component Browser:
    ./src/data/index.ts [Client Component Browser]
    ./src/components/sections/Projects.tsx [Client Component Browser]
    ./src/components/sections/Projects.tsx [Server Component]
    ./src/app/page.tsx [Server Component]

  Client Component SSR:
    ./src/data/index.ts [Client Component SSR]
    ./src/components/sections/Projects.tsx [Client Component SSR]
    ./src/components/sections/Projects.tsx [Server Component]
    ./src/app/page.tsx [Server Component]


    at <unknown> (./src/data/index.ts:1:1)
    at <unknown> (./src/data/index.ts:1:1)
